Archive member included to satisfy reference by file (symbol)

e:/stmicro/stm32cubeide_1.12.0/stm32cubeide/plugins/com.st.stm32cube.ide.mcu.externaltools.gnu-tools-for-stm32.10.3-2021.10.win32_1.0.200.202301161003/tools/bin/../lib/gcc/arm-none-eabi/10.3.1/../../../../arm-none-eabi/lib/thumb/v7e-m+fp/hard\libc_nano.a(lib_a-errno.o)
                              ./Core/Src/syscalls.o (__errno)
e:/stmicro/stm32cubeide_1.12.0/stm32cubeide/plugins/com.st.stm32cube.ide.mcu.externaltools.gnu-tools-for-stm32.10.3-2021.10.win32_1.0.200.202301161003/tools/bin/../lib/gcc/arm-none-eabi/10.3.1/../../../../arm-none-eabi/lib/thumb/v7e-m+fp/hard\libc_nano.a(lib_a-exit.o)
                              e:/stmicro/stm32cubeide_1.12.0/stm32cubeide/plugins/com.st.stm32cube.ide.mcu.externaltools.gnu-tools-for-stm32.10.3-2021.10.win32_1.0.200.202301161003/tools/bin/../lib/gcc/arm-none-eabi/10.3.1/../../../../arm-none-eabi/lib/thumb/v7e-m+fp/hard/crt0.o (exit)
e:/stmicro/stm32cubeide_1.12.0/stm32cubeide/plugins/com.st.stm32cube.ide.mcu.externaltools.gnu-tools-for-stm32.10.3-2021.10.win32_1.0.200.202301161003/tools/bin/../lib/gcc/arm-none-eabi/10.3.1/../../../../arm-none-eabi/lib/thumb/v7e-m+fp/hard\libc_nano.a(lib_a-impure.o)
                              e:/stmicro/stm32cubeide_1.12.0/stm32cubeide/plugins/com.st.stm32cube.ide.mcu.externaltools.gnu-tools-for-stm32.10.3-2021.10.win32_1.0.200.202301161003/tools/bin/../lib/gcc/arm-none-eabi/10.3.1/../../../../arm-none-eabi/lib/thumb/v7e-m+fp/hard\libc_nano.a(lib_a-exit.o) (_global_impure_ptr)
e:/stmicro/stm32cubeide_1.12.0/stm32cubeide/plugins/com.st.stm32cube.ide.mcu.externaltools.gnu-tools-for-stm32.10.3-2021.10.win32_1.0.200.202301161003/tools/bin/../lib/gcc/arm-none-eabi/10.3.1/../../../../arm-none-eabi/lib/thumb/v7e-m+fp/hard\libc_nano.a(lib_a-init.o)
                              e:/stmicro/stm32cubeide_1.12.0/stm32cubeide/plugins/com.st.stm32cube.ide.mcu.externaltools.gnu-tools-for-stm32.10.3-2021.10.win32_1.0.200.202301161003/tools/bin/../lib/gcc/arm-none-eabi/10.3.1/../../../../arm-none-eabi/lib/thumb/v7e-m+fp/hard/crt0.o (__libc_init_array)
e:/stmicro/stm32cubeide_1.12.0/stm32cubeide/plugins/com.st.stm32cube.ide.mcu.externaltools.gnu-tools-for-stm32.10.3-2021.10.win32_1.0.200.202301161003/tools/bin/../lib/gcc/arm-none-eabi/10.3.1/../../../../arm-none-eabi/lib/thumb/v7e-m+fp/hard\libc_nano.a(lib_a-memset.o)
                              e:/stmicro/stm32cubeide_1.12.0/stm32cubeide/plugins/com.st.stm32cube.ide.mcu.externaltools.gnu-tools-for-stm32.10.3-2021.10.win32_1.0.200.202301161003/tools/bin/../lib/gcc/arm-none-eabi/10.3.1/../../../../arm-none-eabi/lib/thumb/v7e-m+fp/hard/crt0.o (memset)
e:/stmicro/stm32cubeide_1.12.0/stm32cubeide/plugins/com.st.stm32cube.ide.mcu.externaltools.gnu-tools-for-stm32.10.3-2021.10.win32_1.0.200.202301161003/tools/bin/../lib/gcc/arm-none-eabi/10.3.1/../../../../arm-none-eabi/lib/thumb/v7e-m+fp/hard\libm.a(lib_a-s_round.o)
                              ./Core/Src/main.o (round)
e:/stmicro/stm32cubeide_1.12.0/stm32cubeide/plugins/com.st.stm32cube.ide.mcu.externaltools.gnu-tools-for-stm32.10.3-2021.10.win32_1.0.200.202301161003/tools/bin/../lib/gcc/arm-none-eabi/10.3.1/thumb/v7e-m+fp/hard\libgcc.a(_arm_muldf3.o)
                              ./Core/Src/main.o (__aeabi_dmul)
e:/stmicro/stm32cubeide_1.12.0/stm32cubeide/plugins/com.st.stm32cube.ide.mcu.externaltools.gnu-tools-for-stm32.10.3-2021.10.win32_1.0.200.202301161003/tools/bin/../lib/gcc/arm-none-eabi/10.3.1/thumb/v7e-m+fp/hard\libgcc.a(_arm_addsubdf3.o)
                              ./Core/Src/main.o (__aeabi_dsub)
e:/stmicro/stm32cubeide_1.12.0/stm32cubeide/plugins/com.st.stm32cube.ide.mcu.externaltools.gnu-tools-for-stm32.10.3-2021.10.win32_1.0.200.202301161003/tools/bin/../lib/gcc/arm-none-eabi/10.3.1/thumb/v7e-m+fp/hard\libgcc.a(_arm_muldivdf3.o)
                              ./Core/Src/main.o (__aeabi_ddiv)
e:/stmicro/stm32cubeide_1.12.0/stm32cubeide/plugins/com.st.stm32cube.ide.mcu.externaltools.gnu-tools-for-stm32.10.3-2021.10.win32_1.0.200.202301161003/tools/bin/../lib/gcc/arm-none-eabi/10.3.1/thumb/v7e-m+fp/hard\libgcc.a(_arm_cmpdf2.o)
                              ./Core/Src/main.o (__aeabi_dcmpge)
e:/stmicro/stm32cubeide_1.12.0/stm32cubeide/plugins/com.st.stm32cube.ide.mcu.externaltools.gnu-tools-for-stm32.10.3-2021.10.win32_1.0.200.202301161003/tools/bin/../lib/gcc/arm-none-eabi/10.3.1/thumb/v7e-m+fp/hard\libgcc.a(_arm_fixunsdfsi.o)
                              ./Core/Src/main.o (__aeabi_d2uiz)
e:/stmicro/stm32cubeide_1.12.0/stm32cubeide/plugins/com.st.stm32cube.ide.mcu.externaltools.gnu-tools-for-stm32.10.3-2021.10.win32_1.0.200.202301161003/tools/bin/../lib/gcc/arm-none-eabi/10.3.1/thumb/v7e-m+fp/hard\libgcc.a(_arm_truncdfsf2.o)
                              ./Core/Src/main.o (__aeabi_d2f)
[...]
Memory Configuration

Name             Origin             Length             Attributes
RAM              0x0000000020000000 0x0000000000010000 xrw
FLASH            0x0000000008000000 0x0000000000040000 xr
*default*        0x0000000000000000 0xffffffffffffffff

Linker script and memory map

LOAD e:/stmicro/stm32cubeide_1.12.0/stm32cubeide/plugins/com.st.stm32cube.ide.mcu.externaltools.gnu-tools-for-stm32.10.3-2021.10.win32_1.0.200.202301161003/tools/bin/../lib/gcc/arm-none-eabi/10.3.1/thumb/v7e-m+fp/hard/crti.o
LOAD e:/stmicro/stm32cubeide_1.12.0/stm32cubeide/plugins/com.st.stm32cube.ide.mcu.externaltools.gnu-tools-for-stm32.10.3-2021.10.win32_1.0.200.202301161003/tools/bin/../lib/gcc/arm-none-eabi/10.3.1/thumb/v7e-m+fp/hard/crtbegin.o
LOAD e:/stmicro/stm32cubeide_1.12.0/stm32cubeide/plugins/com.st.stm32cube.ide.mcu.externaltools.gnu-tools-for-stm32.10.3-2021.10.win32_1.0.200.202301161003/tools/bin/../lib/gcc/arm-none-eabi/10.3.1/../../../../arm-none-eabi/lib/thumb/v7e-m+fp/hard/crt0.o
LOAD ./Core/Src/main.o
LOAD ./Core/Src/stm32f4xx_hal_msp.o
LOAD ./Core/Src/stm32f4xx_it.o
LOAD ./Core/Src/syscalls.o
LOAD ./Core/Src/sysmem.o
LOAD ./Core/Src/system_stm32f4xx.o
LOAD ./Core/Startup/startup_stm32f401ccux.o
LOAD ./Drivers/STM32F4xx_HAL_Driver/Src/stm32f4xx_hal.o
LOAD ./Drivers/STM32F4xx_HAL_Driver/Src/stm32f4xx_hal_adc.o
LOAD ./Drivers/STM32F4xx_HAL_Driver/Src/stm32f4xx_hal_adc_ex.o
LOAD ./Drivers/STM32F4xx_HAL_Driver/Src/stm32f4xx_hal_cortex.o
LOAD ./Drivers/STM32F4xx_HAL_Driver/Src/stm32f4xx_hal_dma.o
LOAD ./Drivers/STM32F4xx_HAL_Driver/Src/stm32f4xx_hal_dma_ex.o
LOAD ./Drivers/STM32F4xx_HAL_Driver/Src/stm32f4xx_hal_exti.o
LOAD ./Drivers/STM32F4xx_HAL_Driver/Src/stm32f4xx_hal_flash.o
LOAD ./Drivers/STM32F4xx_HAL_Driver/Src/stm32f4xx_hal_flash_ex.o
LOAD ./Drivers/STM32F4xx_HAL_Driver/Src/stm32f4xx_hal_flash_ramfunc.o
LOAD ./Drivers/STM32F4xx_HAL_Driver/Src/stm32f4xx_hal_gpio.o
LOAD ./Drivers/STM32F4xx_HAL_Driver/Src/stm32f4xx_hal_i2c.o
LOAD ./Drivers/STM32F4xx_HAL_Driver/Src/stm32f4xx_hal_i2c_ex.o
LOAD ./Drivers/STM32F4xx_HAL_Driver/Src/stm32f4xx_hal_pwr.o
LOAD ./Drivers/STM32F4xx_HAL_Driver/Src/stm32f4xx_hal_pwr_ex.o
LOAD ./Drivers/STM32F4xx_HAL_Driver/Src/stm32f4xx_hal_rcc.o
LOAD ./Drivers/STM32F4xx_HAL_Driver/Src/stm32f4xx_hal_rcc_ex.o
LOAD ./Drivers/STM32F4xx_HAL_Driver/Src/stm32f4xx_hal_tim.o
LOAD ./Drivers/STM32F4xx_HAL_Driver/Src/stm32f4xx_hal_tim_ex.o
LOAD ./Drivers/STM32F4xx_HAL_Driver/Src/stm32f4xx_ll_adc.o
START GROUP
LOAD e:/stmicro/stm32cubeide_1.12.0/stm32cubeide/plugins/com.st.stm32cube.ide.mcu.externaltools.gnu-tools-for-stm32.10.3-2021.10.win32_1.0.200.202301161003/tools/bin/../lib/gcc/arm-none-eabi/10.3.1/../../../../arm-none-eabi/lib/thumb/v7e-m+fp/hard\libc_nano.a
LOAD e:/stmicro/stm32cubeide_1.12.0/stm32cubeide/plugins/com.st.stm32cube.ide.mcu.externaltools.gnu-tools-for-stm32.10.3-2021.10.win32_1.0.200.202301161003/tools/bin/../lib/gcc/arm-none-eabi/10.3.1/../../../../arm-none-eabi/lib/thumb/v7e-m+fp/hard\libm.a
END GROUP
START GROUP
LOAD e:/stmicro/stm32cubeide_1.12.0/stm32cubeide/plugins/com.st.stm32cube.ide.mcu.externaltools.gnu-tools-for-stm32.10.3-2021.10.win32_1.0.200.202301161003/tools/bin/../lib/gcc/arm-none-eabi/10.3.1/thumb/v7e-m+fp/hard\libgcc.a
LOAD e:/stmicro/stm32cubeide_1.12.0/stm32cubeide/plugins/com.st.stm32cube.ide.mcu.externaltools.gnu-tools-for-stm32.10.3-2021.10.win32_1.0.200.202301161003/tools/bin/../lib/gcc/arm-none-eabi/10.3.1/../../../../arm-none-eabi/lib/thumb/v7e-m+fp/hard\libc_nano.a
END GROUP
START GROUP
LOAD e:/stmicro/stm32cubeide_1.12.0/stm32cubeide/plugins/com.st.stm32cube.ide.mcu.externaltools.gnu-tools-for-stm32.10.3-2021.10.win32_1.0.200.202301161003/tools/bin/../lib/gcc/arm-none-eabi/10.3.1/thumb/v7e-m+fp/hard\libgcc.a
LOAD e:/stmicro/stm32cubeide_1.12.0/stm32cubeide/plugins/com.st.stm32cube.ide.mcu.externaltools.gnu-tools-for-stm32.10.3-2021.10.win32_1.0.200.202301161003/tools/bin/../lib/gcc/arm-none-eabi/10.3.1/../../../../arm-none-eabi/lib/thumb/v7e-m+fp/hard\libc_nano.a
LOAD e:/stmicro/stm32cubeide_1.12.0/stm32cubeide/plugins/com.st.stm32cube.ide.mcu.externaltools.gnu-tools-for-stm32.10.3-2021.10.win32_1.0.200.202301161003/tools/bin/../lib/gcc/arm-none-eabi/10.3.1/../../../../arm-none-eabi/lib/thumb/v7e-m+fp/hard\libnosys.a
END GROUP
START GROUP
LOAD e:/stmicro/stm32cubeide_1.12.0/stm32cubeide/plugins/com.st.stm32cube.ide.mcu.externaltools.gnu-tools-for-stm32.10.3-2021.10.win32_1.0.200.202301161003/tools/bin/../lib/gcc/arm-none-eabi/10.3.1/thumb/v7e-m+fp/hard\libgcc.a
LOAD e:/stmicro/stm32cubeide_1.12.0/stm32cubeide/plugins/com.st.stm32cube.ide.mcu.externaltools.gnu-tools-for-stm32.10.3-2021.10.win32_1.0.200.202301161003/tools/bin/../lib/gcc/arm-none-eabi/10.3.1/../../../../arm-none-eabi/lib/thumb/v7e-m+fp/hard\libc_nano.a
LOAD e:/stmicro/stm32cubeide_1.12.0/stm32cubeide/plugins/com.st.stm32cube.ide.mcu.externaltools.gnu-tools-for-stm32.10.3-2021.10.win32_1.0.200.202301161003/tools/bin/../lib/gcc/arm-none-eabi/10.3.1/../../../../arm-none-eabi/lib/thumb/v7e-m+fp/hard\libnosys.a
END GROUP
LOAD e:/stmicro/stm32cubeide_1.12.0/stm32cubeide/plugins/com.st.stm32cube.ide.mcu.externaltools.gnu-tools-for-stm32.10.3-2021.10.win32_1.0.200.202301161003/tools/bin/../lib/gcc/arm-none-eabi/10.3.1/thumb/v7e-m+fp/hard/crtend.o
LOAD e:/stmicro/stm32cubeide_1.12.0/stm32cubeide/plugins/com.st.stm32cube.ide.mcu.externaltools.gnu-tools-for-stm32.10.3-2021.10.win32_1.0.200.202301161003/tools/bin/../lib/gcc/arm-none-eabi/10.3.1/thumb/v7e-m+fp/hard/crtn.o
                0x0000000020010000                _estack = (ORIGIN (RAM) + LENGTH (RAM))
                0x0000000000000200                _Min_Heap_Size = 0x200
                0x0000000000000400                _Min_Stack_Size = 0x400

.isr_vector     0x0000000008000000      0x194
                0x0000000008000000                . = ALIGN (0x4)
 *(.isr_vector)
 .isr_vector    0x0000000008000000      0x194 ./Core/Startup/startup_stm32f401ccux.o
                0x0000000008000000                g_pfnVectors
                0x0000000008000194                . = ALIGN (0x4)

.text           0x0000000008000198     0x4e3c
                0x0000000008000198                . = ALIGN (0x4)
 *(.text)
 .text          0x0000000008000198       0x40 e:/stmicro/stm32cubeide_1.12.0/stm32cubeide/plugins/com.st.stm32cube.ide.mcu.externaltools.gnu-tools-for-stm32.10.3-2021.10.win32_1.0.200.202301161003/tools/bin/../lib/gcc/arm-none-eabi/10.3.1/thumb/v7e-m+fp/hard/crtbegin.o
 .text          0x00000000080001d8      0x378 e:/stmicro/stm32cubeide_1.12.0/stm32cubeide/plugins/com.st.stm32cube.ide.mcu.externaltools.gnu-tools-for-stm32.10.3-2021.10.win32_1.0.200.202301161003/tools/bin/../lib/gcc/arm-none-eabi/10.3.1/thumb/v7e-m+fp/hard\libgcc.a(_arm_addsubdf3.o)
                0x00000000080001d8                __aeabi_drsub
                0x00000000080001e0                __aeabi_dsub
                0x00000000080001e0                __subdf3
                0x00000000080001e4                __aeabi_dadd
                0x00000000080001e4                __adddf3
                0x000000000800045c                __floatunsidf
                0x000000000800045c                __aeabi_ui2d
                0x000000000800047c                __floatsidf
                0x000000000800047c                __aeabi_i2d
                0x00000000080004a0                __aeabi_f2d
                0x00000000080004a0                __extendsfdf2
                0x00000000080004e4                __floatundidf
                0x00000000080004e4                __aeabi_ul2d
                0x00000000080004f4                __floatdidf
                0x00000000080004f4                __aeabi_l2d
 .text          0x0000000008000550      0x424 e:/stmicro/stm32cubeide_1.12.0/stm32cubeide/plugins/com.st.stm32cube.ide.mcu.externaltools.gnu-tools-for-stm32.10.3-2021.10.win32_1.0.200.202301161003/tools/bin/../lib/gcc/arm-none-eabi/10.3.1/thumb/v7e-m+fp/hard\libgcc.a(_arm_muldivdf3.o)
                0x0000000008000550                __aeabi_dmul
                0x0000000008000550                __muldf3
                0x00000000080007a4                __divdf3
                0x00000000080007a4                __aeabi_ddiv
 .text          0x0000000008000974      0x110 e:/stmicro/stm32cubeide_1.12.0/stm32cubeide/plugins/com.st.stm32cube.ide.mcu.externaltools.gnu-tools-for-stm32.10.3-2021.10.win32_1.0.200.202301161003/tools/bin/../lib/gcc/arm-none-eabi/10.3.1/thumb/v7e-m+fp/hard\libgcc.a(_arm_cmpdf2.o)
                0x0000000008000974                __gtdf2
                0x0000000008000974                __gedf2
                0x000000000800097c                __ltdf2
                0x000000000800097c                __ledf2
                0x0000000008000984                __nedf2
                0x0000000008000984                __eqdf2
                0x0000000008000984                __cmpdf2
                0x0000000008000a00                __aeabi_cdrcmple
                0x0000000008000a10                __aeabi_cdcmpeq
                0x0000000008000a10                __aeabi_cdcmple
                0x0000000008000a20                __aeabi_dcmpeq
                0x0000000008000a34                __aeabi_dcmplt
                0x0000000008000a48                __aeabi_dcmple
                0x0000000008000a5c                __aeabi_dcmpge
                0x0000000008000a70                __aeabi_dcmpgt
 .text          0x0000000008000a84       0x40 e:/stmicro/stm32cubeide_1.12.0/stm32cubeide/plugins/com.st.stm32cube.ide.mcu.externaltools.gnu-tools-for-stm32.10.3-2021.10.win32_1.0.200.202301161003/tools/bin/../lib/gcc/arm-none-eabi/10.3.1/thumb/v7e-m+fp/hard\libgcc.a(_arm_fixunsdfsi.o)
                0x0000000008000a84                __aeabi_d2uiz
                0x0000000008000a84                __fixunsdfsi
 .text          0x0000000008000ac4       0xa0 e:/stmicro/stm32cubeide_1.12.0/stm32cubeide/plugins/com.st.stm32cube.ide.mcu.externaltools.gnu-tools-for-stm32.10.3-2021.10.win32_1.0.200.202301161003/tools/bin/../lib/gcc/arm-none-eabi/10.3.1/thumb/v7e-m+fp/hard\libgcc.a(_arm_truncdfsf2.o)
                0x0000000008000ac4                __truncdfsf2
                0x0000000008000ac4                __aeabi_d2f
 .text          0x0000000008000b64       0x30 e:/stmicro/stm32cubeide_1.12.0/stm32cubeide/plugins/com.st.stm32cube.ide.mcu.externaltools.gnu-tools-for-stm32.10.3-2021.10.win32_1.0.200.202301161003/tools/bin/../lib/gcc/arm-none-eabi/10.3.1/thumb/v7e-m+fp/hard\libgcc.a(_aeabi_uldivmod.o)
                0x0000000008000b64                __aeabi_uldivmod
 .text          0x0000000008000b94      0x2d0 e:/stmicro/stm32cubeide_1.12.0/stm32cubeide/plugins/com.st.stm32cube.ide.mcu.externaltools.gnu-tools-for-stm32.10.3-2021.10.win32_1.0.200.202301161003/tools/bin/../lib/gcc/arm-none-eabi/10.3.1/thumb/v7e-m+fp/hard\libgcc.a(_udivmoddi4.o)
                0x0000000008000b94                __udivmoddi4
 .text          0x0000000008000e64        0x4 e:/stmicro/stm32cubeide_1.12.0/stm32cubeide/plugins/com.st.stm32cube.ide.mcu.externaltools.gnu-tools-for-stm32.10.3-2021.10.win32_1.0.200.202301161003/tools/bin/../lib/gcc/arm-none-eabi/10.3.1/thumb/v7e-m+fp/hard\libgcc.a(_dvmd_tls.o)
                0x0000000008000e64                __aeabi_idiv0
                0x0000000008000e64                __aeabi_ldiv0
 *(.text*)
 .text.SimpleKalmanFilter
                0x0000000008000e68       0x3c ./Core/Src/main.o
                0x0000000008000e68                SimpleKalmanFilter
 .text.updateEstimate
                0x0000000008000ea4      0x120 ./Core/Src/main.o
                0x0000000008000ea4                updateEstimate
 .text.HAL_TIM_PeriodElapsedCallback
                0x0000000008000fc4      0x15c ./Core/Src/main.o
                0x0000000008000fc4                HAL_TIM_PeriodElapsedCallback
 .text.main     0x0000000008001120      0x244 ./Core/Src/main.o
                0x0000000008001120                main
 .text.SystemClock_Config
                0x0000000008001364       0xd4 ./Core/Src/main.o
                0x0000000008001364                SystemClock_Config
 .text.MX_ADC1_Init
                0x0000000008001438       0xa4 ./Core/Src/main.o
 .text.MX_I2C1_Init
                0x00000000080014dc       0x5c ./Core/Src/main.o
 .text.MX_TIM1_Init
                0x0000000008001538      0x170 ./Core/Src/main.o
 .text.MX_TIM3_Init
                0x00000000080016a8       0x9c ./Core/Src/main.o
 .text.MX_DMA_Init
                0x0000000008001744       0x40 ./Core/Src/main.o
 .text.MX_GPIO_Init
                0x0000000008001784       0xdc ./Core/Src/main.o
 .text.Error_Handler
                0x0000000008001860        0xa ./Core/Src/main.o
                0x0000000008001860                Error_Handler
 *fill*         0x000000000800186a        0x2 
 .text.HAL_MspInit
                0x000000000800186c       0x50 ./Core/Src/stm32f4xx_hal_msp.o
                0x000000000800186c                HAL_MspInit
 .text.HAL_ADC_MspInit
                0x00000000080018bc       0xf0 ./Core/Src/stm32f4xx_hal_msp.o
                0x00000000080018bc                HAL_ADC_MspInit
 .text.HAL_I2C_MspInit
                0x00000000080019ac       0x90 ./Core/Src/stm32f4xx_hal_msp.o
                0x00000000080019ac                HAL_I2C_MspInit
 .text.HAL_TIM_Base_MspInit
                0x0000000008001a3c       0x7c ./Core/Src/stm32f4xx_hal_msp.o
                0x0000000008001a3c                HAL_TIM_Base_MspInit
 .text.HAL_TIM_MspPostInit
                0x0000000008001ab8       0xb4 ./Core/Src/stm32f4xx_hal_msp.o
                0x0000000008001ab8                HAL_TIM_MspPostInit
 .text.NMI_Handler
                0x0000000008001b6c        0x6 ./Core/Src/stm32f4xx_it.o
                0x0000000008001b6c                NMI_Handler
 .text.HardFault_Handler
                0x0000000008001b72        0x6 ./Core/Src/stm32f4xx_it.o
                0x0000000008001b72                HardFault_Handler
 .text.MemManage_Handler
                0x0000000008001b78        0x6 ./Core/Src/stm32f4xx_it.o
                0x0000000008001b78                MemManage_Handler
 .text.BusFault_Handler
                0x0000000008001b7e        0x6 ./Core/Src/stm32f4xx_it.o
                0x0000000008001b7e                BusFault_Handler
 .text.UsageFault_Handler
                0x0000000008001b84        0x6 ./Core/Src/stm32f4xx_it.o
                0x0000000008001b84                UsageFault_Handler
 .text.SVC_Handler
                0x0000000008001b8a        0xe ./Core/Src/stm32f4xx_it.o
                0x0000000008001b8a                SVC_Handler
 .text.DebugMon_Handler
                0x0000000008001b98        0xe ./Core/Src/stm32f4xx_it.o
                0x0000000008001b98                DebugMon_Handler
 .text.PendSV_Handler
                0x0000000008001ba6        0xe ./Core/Src/stm32f4xx_it.o
                0x0000000008001ba6                PendSV_Handler
 .text.SysTick_Handler
                0x0000000008001bb4        0xc ./Core/Src/stm32f4xx_it.o
                0x0000000008001bb4                SysTick_Handler
 .text.TIM3_IRQHandler
                0x0000000008001bc0       0x14 ./Core/Src/stm32f4xx_it.o
                0x0000000008001bc0                TIM3_IRQHandler
 .text.DMA2_Stream0_IRQHandler
                0x0000000008001bd4       0x14 ./Core/Src/stm32f4xx_it.o
                0x0000000008001bd4                DMA2_Stream0_IRQHandler
 .text.SystemInit
                0x0000000008001be8       0x24 ./Core/Src/system_stm32f4xx.o
                0x0000000008001be8                SystemInit
 .text.Reset_Handler
                0x0000000008001c0c       0x50 ./Core/Startup/startup_stm32f401ccux.o
                0x0000000008001c0c                Reset_Handler
 .text.Default_Handler
                0x0000000008001c5c        0x2 ./Core/Startup/startup_stm32f401ccux.o
                0x0000000008001c5c                RTC_Alarm_IRQHandler
                0x0000000008001c5c                EXTI2_IRQHandler
                0x0000000008001c5c                SPI4_IRQHandler
                0x0000000008001c5c                TIM1_CC_IRQHandler
                0x0000000008001c5c                DMA2_Stream5_IRQHandler
                0x0000000008001c5c                DMA1_Stream5_IRQHandler
                0x0000000008001c5c                PVD_IRQHandler
                0x0000000008001c5c                SDIO_IRQHandler
                0x0000000008001c5c                TAMP_STAMP_IRQHandler
                0x0000000008001c5c                EXTI3_IRQHandler
                0x0000000008001c5c                TIM1_UP_TIM10_IRQHandler
                0x0000000008001c5c                I2C3_ER_IRQHandler
                0x0000000008001c5c                EXTI0_IRQHandler
                0x0000000008001c5c                I2C2_EV_IRQHandler
                0x0000000008001c5c                DMA1_Stream2_IRQHandler
                0x0000000008001c5c                FPU_IRQHandler
                0x0000000008001c5c                DMA2_Stream2_IRQHandler
                0x0000000008001c5c                SPI1_IRQHandler
                0x0000000008001c5c                TIM1_BRK_TIM9_IRQHandler
                0x0000000008001c5c                DMA2_Stream3_IRQHandler
                0x0000000008001c5c                USART6_IRQHandler
                0x0000000008001c5c                TIM4_IRQHandler
                0x0000000008001c5c                I2C1_EV_IRQHandler
                0x0000000008001c5c                DMA1_Stream6_IRQHandler
                0x0000000008001c5c                DMA1_Stream1_IRQHandler
                0x0000000008001c5c                RCC_IRQHandler
                0x0000000008001c5c                Default_Handler
                0x0000000008001c5c                EXTI15_10_IRQHandler
                0x0000000008001c5c                ADC_IRQHandler
                0x0000000008001c5c                DMA1_Stream7_IRQHandler
                0x0000000008001c5c                TIM5_IRQHandler
                0x0000000008001c5c                DMA2_Stream7_IRQHandler
                0x0000000008001c5c                I2C3_EV_IRQHandler
                0x0000000008001c5c                EXTI9_5_IRQHandler
                0x0000000008001c5c                RTC_WKUP_IRQHandler
                0x0000000008001c5c                SPI2_IRQHandler
                0x0000000008001c5c                DMA1_Stream0_IRQHandler
                0x0000000008001c5c                EXTI4_IRQHandler
                0x0000000008001c5c                WWDG_IRQHandler
                0x0000000008001c5c                TIM2_IRQHandler
                0x0000000008001c5c                OTG_FS_WKUP_IRQHandler
                0x0000000008001c5c                TIM1_TRG_COM_TIM11_IRQHandler
                0x0000000008001c5c                EXTI1_IRQHandler
                0x0000000008001c5c                USART2_IRQHandler
                0x0000000008001c5c                I2C2_ER_IRQHandler
                0x0000000008001c5c                DMA2_Stream1_IRQHandler
                0x0000000008001c5c                FLASH_IRQHandler
                0x0000000008001c5c                DMA2_Stream4_IRQHandler
                0x0000000008001c5c                USART1_IRQHandler
                0x0000000008001c5c                OTG_FS_IRQHandler
                0x0000000008001c5c                SPI3_IRQHandler
                0x0000000008001c5c                DMA1_Stream4_IRQHandler
                0x0000000008001c5c                I2C1_ER_IRQHandler
                0x0000000008001c5c                DMA2_Stream6_IRQHandler
                0x0000000008001c5c                DMA1_Stream3_IRQHandler
 *fill*         0x0000000008001c5e        0x2 
 .text.HAL_Init
                0x0000000008001c60       0x44 ./Drivers/STM32F4xx_HAL_Driver/Src/stm32f4xx_hal.o
                0x0000000008001c60                HAL_Init
 .text.HAL_InitTick
                0x0000000008001ca4       0x60 ./Drivers/STM32F4xx_HAL_Driver/Src/stm32f4xx_hal.o
                0x0000000008001ca4                HAL_InitTick
 .text.HAL_IncTick
                0x0000000008001d04       0x28 ./Drivers/STM32F4xx_HAL_Driver/Src/stm32f4xx_hal.o
                0x0000000008001d04                HAL_IncTick
 .text.HAL_GetTick
                0x0000000008001d2c       0x18 ./Drivers/STM32F4xx_HAL_Driver/Src/stm32f4xx_hal.o
                0x0000000008001d2c                HAL_GetTick
 .text.HAL_ADC_Init
                0x0000000008001d44       0x86 ./Drivers/STM32F4xx_HAL_Driver/Src/stm32f4xx_hal_adc.o
                0x0000000008001d44                HAL_ADC_Init
 *fill*         0x0000000008001dca        0x2 
 .text.HAL_ADC_Start_DMA
                0x0000000008001dcc      0x1e0 ./Drivers/STM32F4xx_HAL_Driver/Src/stm32f4xx_hal_adc.o
                0x0000000008001dcc                HAL_ADC_Start_DMA
 .text.HAL_ADC_ConvCpltCallback
                0x0000000008001fac       0x14 ./Drivers/STM32F4xx_HAL_Driver/Src/stm32f4xx_hal_adc.o
                0x0000000008001fac                HAL_ADC_ConvCpltCallback
 .text.HAL_ADC_ConvHalfCpltCallback
                0x0000000008001fc0       0x14 ./Drivers/STM32F4xx_HAL_Driver/Src/stm32f4xx_hal_adc.o
                0x0000000008001fc0                HAL_ADC_ConvHalfCpltCallback
 .text.HAL_ADC_ErrorCallback
                0x0000000008001fd4       0x14 ./Drivers/STM32F4xx_HAL_Driver/Src/stm32f4xx_hal_adc.o
                0x0000000008001fd4                HAL_ADC_ErrorCallback
 .text.HAL_ADC_ConfigChannel
                0x0000000008001fe8      0x244 ./Drivers/STM32F4xx_HAL_Driver/Src/stm32f4xx_hal_adc.o
                0x0000000008001fe8                HAL_ADC_ConfigChannel
 .text.ADC_Init
                0x000000000800222c      0x1f8 ./Drivers/STM32F4xx_HAL_Driver/Src/stm32f4xx_hal_adc.o
 .text.ADC_DMAConvCplt
                0x0000000008002424       0xba ./Drivers/STM32F4xx_HAL_Driver/Src/stm32f4xx_hal_adc.o
 .text.ADC_DMAHalfConvCplt
                0x00000000080024de       0x1c ./Drivers/STM32F4xx_HAL_Driver/Src/stm32f4xx_hal_adc.o
 .text.ADC_DMAError
                0x00000000080024fa       0x2e ./Drivers/STM32F4xx_HAL_Driver/Src/stm32f4xx_hal_adc.o
 .text.__NVIC_SetPriorityGrouping
                0x0000000008002528       0x48 ./Drivers/STM32F4xx_HAL_Driver/Src/stm32f4xx_hal_cortex.o
 .text.__NVIC_GetPriorityGrouping
                0x0000000008002570       0x1c ./Drivers/STM32F4xx_HAL_Driver/Src/stm32f4xx_hal_cortex.o
 .text.__NVIC_EnableIRQ
                0x000000000800258c       0x3c ./Drivers/STM32F4xx_HAL_Driver/Src/stm32f4xx_hal_cortex.o
 .text.__NVIC_SetPriority
                0x00000000080025c8       0x54 ./Drivers/STM32F4xx_HAL_Driver/Src/stm32f4xx_hal_cortex.o
 .text.NVIC_EncodePriority
                0x000000000800261c       0x66 ./Drivers/STM32F4xx_HAL_Driver/Src/stm32f4xx_hal_cortex.o
 *fill*         0x0000000008002682        0x2 
 .text.SysTick_Config
                0x0000000008002684       0x44 ./Drivers/STM32F4xx_HAL_Driver/Src/stm32f4xx_hal_cortex.o
 .text.HAL_NVIC_SetPriorityGrouping
                0x00000000080026c8       0x16 ./Drivers/STM32F4xx_HAL_Driver/Src/stm32f4xx_hal_cortex.o
                0x00000000080026c8                HAL_NVIC_SetPriorityGrouping
 .text.HAL_NVIC_SetPriority
                0x00000000080026de       0x38 ./Drivers/STM32F4xx_HAL_Driver/Src/stm32f4xx_hal_cortex.o
                0x00000000080026de                HAL_NVIC_SetPriority
 .text.HAL_NVIC_EnableIRQ
                0x0000000008002716       0x1c ./Drivers/STM32F4xx_HAL_Driver/Src/stm32f4xx_hal_cortex.o
                0x0000000008002716                HAL_NVIC_EnableIRQ
 .text.HAL_SYSTICK_Config
                0x0000000008002732       0x18 ./Drivers/STM32F4xx_HAL_Driver/Src/stm32f4xx_hal_cortex.o
                0x0000000008002732                HAL_SYSTICK_Config
 *fill*         0x000000000800274a        0x2 
 .text.HAL_DMA_Init
                0x000000000800274c      0x15c ./Drivers/STM32F4xx_HAL_Driver/Src/stm32f4xx_hal_dma.o
                0x000000000800274c                HAL_DMA_Init
 .text.HAL_DMA_Start_IT
                0x00000000080028a8       0xb0 ./Drivers/STM32F4xx_HAL_Driver/Src/stm32f4xx_hal_dma.o
                0x00000000080028a8                HAL_DMA_Start_IT
 .text.HAL_DMA_IRQHandler
                0x0000000008002958      0x314 ./Drivers/STM32F4xx_HAL_Driver/Src/stm32f4xx_hal_dma.o
                0x0000000008002958                HAL_DMA_IRQHandler
 .text.DMA_SetConfig
                0x0000000008002c6c       0x5c ./Drivers/STM32F4xx_HAL_Driver/Src/stm32f4xx_hal_dma.o
 .text.DMA_CalcBaseAndBitshift
                0x0000000008002cc8       0x6c ./Drivers/STM32F4xx_HAL_Driver/Src/stm32f4xx_hal_dma.o
 .text.DMA_CheckFifoParam
                0x0000000008002d34       0xf8 ./Drivers/STM32F4xx_HAL_Driver/Src/stm32f4xx_hal_dma.o
 .text.HAL_GPIO_Init
                0x0000000008002e2c      0x308 ./Drivers/STM32F4xx_HAL_Driver/Src/stm32f4xx_hal_gpio.o
                0x0000000008002e2c                HAL_GPIO_Init
 .text.HAL_GPIO_WritePin
                0x0000000008003134       0x32 ./Drivers/STM32F4xx_HAL_Driver/Src/stm32f4xx_hal_gpio.o
                0x0000000008003134                HAL_GPIO_WritePin
 .text.HAL_GPIO_TogglePin
                0x0000000008003166       0x34 ./Drivers/STM32F4xx_HAL_Driver/Src/stm32f4xx_hal_gpio.o
                0x0000000008003166                HAL_GPIO_TogglePin
 *fill*         0x000000000800319a        0x2 
 .text.HAL_I2C_Init
                0x000000000800319c      0x288 ./Drivers/STM32F4xx_HAL_Driver/Src/stm32f4xx_hal_i2c.o
                0x000000000800319c                HAL_I2C_Init
 .text.HAL_RCC_OscConfig
                0x0000000008003424      0x4f0 ./Drivers/STM32F4xx_HAL_Driver/Src/stm32f4xx_hal_rcc.o
                0x0000000008003424                HAL_RCC_OscConfig
 .text.HAL_RCC_ClockConfig
                0x0000000008003914      0x1cc ./Drivers/STM32F4xx_HAL_Driver/Src/stm32f4xx_hal_rcc.o
                0x0000000008003914                HAL_RCC_ClockConfig
 .text.HAL_RCC_GetSysClockFreq
                0x0000000008003ae0      0x18c ./Drivers/STM32F4xx_HAL_Driver/Src/stm32f4xx_hal_rcc.o
                0x0000000008003ae0                HAL_RCC_GetSysClockFreq
 .text.HAL_RCC_GetHCLKFreq
                0x0000000008003c6c       0x18 ./Drivers/STM32F4xx_HAL_Driver/Src/stm32f4xx_hal_rcc.o
                0x0000000008003c6c                HAL_RCC_GetHCLKFreq
 .text.HAL_RCC_GetPCLK1Freq
                0x0000000008003c84       0x28 ./Drivers/STM32F4xx_HAL_Driver/Src/stm32f4xx_hal_rcc.o
                0x0000000008003c84                HAL_RCC_GetPCLK1Freq
 .text.HAL_TIM_Base_Init
                0x0000000008003cac       0x9e ./Drivers/STM32F4xx_HAL_Driver/Src/stm32f4xx_hal_tim.o
                0x0000000008003cac                HAL_TIM_Base_Init
 *fill*         0x0000000008003d4a        0x2 
 .text.HAL_TIM_Base_Start_IT
                0x0000000008003d4c       0xc4 ./Drivers/STM32F4xx_HAL_Driver/Src/stm32f4xx_hal_tim.o
                0x0000000008003d4c                HAL_TIM_Base_Start_IT
 .text.HAL_TIM_Base_Stop_IT
                0x0000000008003e10       0x5e ./Drivers/STM32F4xx_HAL_Driver/Src/stm32f4xx_hal_tim.o
                0x0000000008003e10                HAL_TIM_Base_Stop_IT
 .text.HAL_TIM_PWM_Init
                0x0000000008003e6e       0x9e ./Drivers/STM32F4xx_HAL_Driver/Src/stm32f4xx_hal_tim.o
                0x0000000008003e6e                HAL_TIM_PWM_Init
 .text.HAL_TIM_PWM_MspInit
                0x0000000008003f0c       0x14 ./Drivers/STM32F4xx_HAL_Driver/Src/stm32f4xx_hal_tim.o
                0x0000000008003f0c                HAL_TIM_PWM_MspInit
 .text.HAL_TIM_PWM_Start
                0x0000000008003f20      0x160 ./Drivers/STM32F4xx_HAL_Driver/Src/stm32f4xx_hal_tim.o
                0x0000000008003f20                HAL_TIM_PWM_Start
 .text.HAL_TIM_IRQHandler
                0x0000000008004080      0x210 ./Drivers/STM32F4xx_HAL_Driver/Src/stm32f4xx_hal_tim.o
                0x0000000008004080                HAL_TIM_IRQHandler
 .text.HAL_TIM_PWM_ConfigChannel
                0x0000000008004290      0x184 ./Drivers/STM32F4xx_HAL_Driver/Src/stm32f4xx_hal_tim.o
                0x0000000008004290                HAL_TIM_PWM_ConfigChannel
 .text.HAL_TIM_ConfigClockSource
                0x0000000008004414      0x18e ./Drivers/STM32F4xx_HAL_Driver/Src/stm32f4xx_hal_tim.o
                0x0000000008004414                HAL_TIM_ConfigClockSource
 .text.HAL_TIM_OC_DelayElapsedCallback
                0x00000000080045a2       0x14 ./Drivers/STM32F4xx_HAL_Driver/Src/stm32f4xx_hal_tim.o
                0x00000000080045a2                HAL_TIM_OC_DelayElapsedCallback
 .text.HAL_TIM_IC_CaptureCallback
                0x00000000080045b6       0x14 ./Drivers/STM32F4xx_HAL_Driver/Src/stm32f4xx_hal_tim.o
                0x00000000080045b6                HAL_TIM_IC_CaptureCallback
 .text.HAL_TIM_PWM_PulseFinishedCallback
                0x00000000080045ca       0x14 ./Drivers/STM32F4xx_HAL_Driver/Src/stm32f4xx_hal_tim.o
                0x00000000080045ca                HAL_TIM_PWM_PulseFinishedCallback
 .text.HAL_TIM_TriggerCallback
                0x00000000080045de       0x14 ./Drivers/STM32F4xx_HAL_Driver/Src/stm32f4xx_hal_tim.o
                0x00000000080045de                HAL_TIM_TriggerCallback
 *fill*         0x00000000080045f2        0x2 
 .text.TIM_Base_SetConfig
                0x00000000080045f4      0x100 ./Drivers/STM32F4xx_HAL_Driver/Src/stm32f4xx_hal_tim.o
                0x00000000080045f4                TIM_Base_SetConfig
 .text.TIM_OC1_SetConfig
                0x00000000080046f4       0xcc ./Drivers/STM32F4xx_HAL_Driver/Src/stm32f4xx_hal_tim.o
 .text.TIM_OC2_SetConfig
                0x00000000080047c0       0xd8 ./Drivers/STM32F4xx_HAL_Driver/Src/stm32f4xx_hal_tim.o
                0x00000000080047c0                TIM_OC2_SetConfig
 .text.TIM_OC3_SetConfig
                0x0000000008004898       0xd4 ./Drivers/STM32F4xx_HAL_Driver/Src/stm32f4xx_hal_tim.o
 .text.TIM_OC4_SetConfig
                0x000000000800496c       0xa0 ./Drivers/STM32F4xx_HAL_Driver/Src/stm32f4xx_hal_tim.o
 .text.TIM_TI1_ConfigInputStage
                0x0000000008004a0c       0x5e ./Drivers/STM32F4xx_HAL_Driver/Src/stm32f4xx_hal_tim.o
 .text.TIM_TI2_ConfigInputStage
                0x0000000008004a6a       0x60 ./Drivers/STM32F4xx_HAL_Driver/Src/stm32f4xx_hal_tim.o
 .text.TIM_ITRx_SetConfig
                0x0000000008004aca       0x36 ./Drivers/STM32F4xx_HAL_Driver/Src/stm32f4xx_hal_tim.o
 .text.TIM_ETR_SetConfig
                0x0000000008004b00       0x40 ./Drivers/STM32F4xx_HAL_Driver/Src/stm32f4xx_hal_tim.o
                0x0000000008004b00                TIM_ETR_SetConfig
 .text.TIM_CCxChannelCmd
                0x0000000008004b40       0x4a ./Drivers/STM32F4xx_HAL_Driver/Src/stm32f4xx_hal_tim.o
                0x0000000008004b40                TIM_CCxChannelCmd
 *fill*         0x0000000008004b8a        0x2 
 .text.HAL_TIMEx_PWMN_Start
                0x0000000008004b8c      0x158 ./Drivers/STM32F4xx_HAL_Driver/Src/stm32f4xx_hal_tim_ex.o
                0x0000000008004b8c                HAL_TIMEx_PWMN_Start
 .text.HAL_TIMEx_MasterConfigSynchronization
                0x0000000008004ce4       0xdc ./Drivers/STM32F4xx_HAL_Driver/Src/stm32f4xx_hal_tim_ex.o
                0x0000000008004ce4                HAL_TIMEx_MasterConfigSynchronization
 .text.HAL_TIMEx_ConfigBreakDeadTime
                0x0000000008004dc0       0xa4 ./Drivers/STM32F4xx_HAL_Driver/Src/stm32f4xx_hal_tim_ex.o
                0x0000000008004dc0                HAL_TIMEx_ConfigBreakDeadTime
 .text.HAL_TIMEx_CommutCallback
                0x0000000008004e64       0x14 ./Drivers/STM32F4xx_HAL_Driver/Src/stm32f4xx_hal_tim_ex.o
                0x0000000008004e64                HAL_TIMEx_CommutCallback
 .text.HAL_TIMEx_BreakCallback
                0x0000000008004e78       0x14 ./Drivers/STM32F4xx_HAL_Driver/Src/stm32f4xx_hal_tim_ex.o
                0x0000000008004e78                HAL_TIMEx_BreakCallback
 .text.TIM_CCxNChannelCmd
                0x0000000008004e8c       0x4a ./Drivers/STM32F4xx_HAL_Driver/Src/stm32f4xx_hal_tim_ex.o
 *fill*         0x0000000008004ed6        0x2 
 .text.__libc_init_array
                0x0000000008004ed8       0x48 e:/stmicro/stm32cubeide_1.12.0/stm32cubeide/plugins/com.st.stm32cube.ide.mcu.externaltools.gnu-tools-for-stm32.10.3-2021.10.win32_1.0.200.202301161003/tools/bin/../lib/gcc/arm-none-eabi/10.3.1/../../../../arm-none-eabi/lib/thumb/v7e-m+fp/hard\libc_nano.a(lib_a-init.o)
                0x0000000008004ed8                __libc_init_array
 .text.memset   0x0000000008004f20       0x10 e:/stmicro/stm32cubeide_1.12.0/stm32cubeide/plugins/com.st.stm32cube.ide.mcu.externaltools.gnu-tools-for-stm32.10.3-2021.10.win32_1.0.200.202301161003/tools/bin/../lib/gcc/arm-none-eabi/10.3.1/../../../../arm-none-eabi/lib/thumb/v7e-m+fp/hard\libc_nano.a(lib_a-memset.o)
                0x0000000008004f20                memset
 .text.round    0x0000000008004f30       0x8c e:/stmicro/stm32cubeide_1.12.0/stm32cubeide/plugins/com.st.stm32cube.ide.mcu.externaltools.gnu-tools-for-stm32.10.3-2021.10.win32_1.0.200.202301161003/tools/bin/../lib/gcc/arm-none-eabi/10.3.1/../../../../arm-none-eabi/lib/thumb/v7e-m+fp/hard\libm.a(lib_a-s_round.o)
                0x0000000008004f30                round
 *(.glue_7)
 .glue_7        0x0000000008004fbc        0x0 linker stubs
 *(.glue_7t)
 .glue_7t       0x0000000008004fbc        0x0 linker stubs
 *(.eh_frame)
 .eh_frame      0x0000000008004fbc        0x0 e:/stmicro/stm32cubeide_1.12.0/stm32cubeide/plugins/com.st.stm32cube.ide.mcu.externaltools.gnu-tools-for-stm32.10.3-2021.10.win32_1.0.200.202301161003/tools/bin/../lib/gcc/arm-none-eabi/10.3.1/thumb/v7e-m+fp/hard/crtbegin.o
 *(.init)
 .init          0x0000000008004fbc        0x4 e:/stmicro/stm32cubeide_1.12.0/stm32cubeide/plugins/com.st.stm32cube.ide.mcu.externaltools.gnu-tools-for-stm32.10.3-2021.10.win32_1.0.200.202301161003/tools/bin/../lib/gcc/arm-none-eabi/10.3.1/thumb/v7e-m+fp/hard/crti.o
                0x0000000008004fbc                _init
 .init          0x0000000008004fc0        0x8 e:/stmicro/stm32cubeide_1.12.0/stm32cubeide/plugins/com.st.stm32cube.ide.mcu.externaltools.gnu-tools-for-stm32.10.3-2021.10.win32_1.0.200.202301161003/tools/bin/../lib/gcc/arm-none-eabi/10.3.1/thumb/v7e-m+fp/hard/crtn.o
 *(.fini)
 .fini          0x0000000008004fc8        0x4 e:/stmicro/stm32cubeide_1.12.0/stm32cubeide/plugins/com.st.stm32cube.ide.mcu.externaltools.gnu-tools-for-stm32.10.3-2021.10.win32_1.0.200.202301161003/tools/bin/../lib/gcc/arm-none-eabi/10.3.1/thumb/v7e-m+fp/hard/crti.o
                0x0000000008004fc8                _fini
 .fini          0x0000000008004fcc        0x8 e:/stmicro/stm32cubeide_1.12.0/stm32cubeide/plugins/com.st.stm32cube.ide.mcu.externaltools.gnu-tools-for-stm32.10.3-2021.10.win32_1.0.200.202301161003/tools/bin/../lib/gcc/arm-none-eabi/10.3.1/thumb/v7e-m+fp/hard/crtn.o
                0x0000000008004fd4                . = ALIGN (0x4)
                0x0000000008004fd4                _etext = .

.vfp11_veneer   0x0000000008004fd4        0x0
 .vfp11_veneer  0x0000000008004fd4        0x0 linker stubs

.v4_bx          0x0000000008004fd4        0x0
 .v4_bx         0x0000000008004fd4        0x0 linker stubs

.iplt           0x0000000008004fd4        0x0
 .iplt          0x0000000008004fd4        0x0 e:/stmicro/stm32cubeide_1.12.0/stm32cubeide/plugins/com.st.stm32cube.ide.mcu.externaltools.gnu-tools-for-stm32.10.3-2021.10.win32_1.0.200.202301161003/tools/bin/../lib/gcc/arm-none-eabi/10.3.1/thumb/v7e-m+fp/hard/crtbegin.o

.rodata         0x0000000008004fd4       0x20
                0x0000000008004fd4                . = ALIGN (0x4)
 *(.rodata)
 *(.rodata*)
 .rodata.AHBPrescTable
                0x0000000008004fd4       0x10 ./Core/Src/system_stm32f4xx.o
                0x0000000008004fd4                AHBPrescTable
 .rodata.APBPrescTable
                0x0000000008004fe4        0x8 ./Core/Src/system_stm32f4xx.o
                0x0000000008004fe4                APBPrescTable
 .rodata.flagBitshiftOffset.0
                0x0000000008004fec        0x8 ./Drivers/STM32F4xx_HAL_Driver/Src/stm32f4xx_hal_dma.o
                0x0000000008004ff4                . = ALIGN (0x4)

.ARM.extab      0x0000000008004ff4        0x0
                0x0000000008004ff4                . = ALIGN (0x4)
 *(.ARM.extab* .gnu.linkonce.armextab.*)
                0x0000000008004ff4                . = ALIGN (0x4)

.ARM            0x0000000008004ff4        0x8
                0x0000000008004ff4                . = ALIGN (0x4)
                0x0000000008004ff4                __exidx_start = .
 *(.ARM.exidx*)
 .ARM.exidx     0x0000000008004ff4        0x8 e:/stmicro/stm32cubeide_1.12.0/stm32cubeide/plugins/com.st.stm32cube.ide.mcu.externaltools.gnu-tools-for-stm32.10.3-2021.10.win32_1.0.200.202301161003/tools/bin/../lib/gcc/arm-none-eabi/10.3.1/thumb/v7e-m+fp/hard\libgcc.a(_udivmoddi4.o)
                0x0000000008004ffc                __exidx_end = .
                0x0000000008004ffc                . = ALIGN (0x4)

.rel.dyn        0x0000000008004ffc        0x0
 .rel.iplt      0x0000000008004ffc        0x0 e:/stmicro/stm32cubeide_1.12.0/stm32cubeide/plugins/com.st.stm32cube.ide.mcu.externaltools.gnu-tools-for-stm32.10.3-2021.10.win32_1.0.200.202301161003/tools/bin/../lib/gcc/arm-none-eabi/10.3.1/thumb/v7e-m+fp/hard/crtbegin.o

.preinit_array  0x0000000008004ffc        0x0
                0x0000000008004ffc                . = ALIGN (0x4)
                0x0000000008004ffc                PROVIDE (__preinit_array_start = .)
 *(.preinit_array*)
                0x0000000008004ffc                PROVIDE (__preinit_array_end = .)
                0x0000000008004ffc                . = ALIGN (0x4)

.init_array     0x0000000008004ffc        0x4
                0x0000000008004ffc                . = ALIGN (0x4)
                0x0000000008004ffc                PROVIDE (__init_array_start = .)
 *(SORT_BY_NAME(.init_array.*))
 *(.init_array*)
 .init_array    0x0000000008004ffc        0x4 e:/stmicro/stm32cubeide_1.12.0/stm32cubeide/plugins/com.st.stm32cube.ide.mcu.externaltools.gnu-tools-for-stm32.10.3-2021.10.win32_1.0.200.202301161003/tools/bin/../lib/gcc/arm-none-eabi/10.3.1/thumb/v7e-m+fp/hard/crtbegin.o
                0x0000000008005000                PROVIDE (__init_array_end = .)
                0x0000000008005000                . = ALIGN (0x4)

.fini_array     0x0000000008005000        0x4
                0x0000000008005000                . = ALIGN (0x4)
                [!provide]                        PROVIDE (__fini_array_start = .)
 *(SORT_BY_NAME(.fini_array.*))
 *(.fini_array*)
 .fini_array    0x0000000008005000        0x4 e:/stmicro/stm32cubeide_1.12.0/stm32cubeide/plugins/com.st.stm32cube.ide.mcu.externaltools.gnu-tools-for-stm32.10.3-2021.10.win32_1.0.200.202301161003/tools/bin/../lib/gcc/arm-none-eabi/10.3.1/thumb/v7e-m+fp/hard/crtbegin.o
                [!provide]                        PROVIDE (__fini_array_end = .)
                0x0000000008005004                . = ALIGN (0x4)
                0x0000000008005004                _sidata = LOADADDR (.data)

.data           0x0000000020000000      0x87c load address 0x0000000008005004
                0x0000000020000000                . = ALIGN (0x4)
                0x0000000020000000                _sdata = .
 *(.data)
 *(.data*)
 .data.A        0x0000000020000000      0x2d0 ./Core/Src/main.o
                0x0000000020000000                A
 .data.B        0x00000000200002d0      0x2d0 ./Core/Src/main.o
                0x00000000200002d0                B
 .data.C        0x00000000200005a0      0x2d0 ./Core/Src/main.o
                0x00000000200005a0                C
 .data.SystemCoreClock
                0x0000000020000870        0x4 ./Core/Src/system_stm32f4xx.o
                0x0000000020000870                SystemCoreClock
 .data.uwTickPrio
                0x0000000020000874        0x4 ./Drivers/STM32F4xx_HAL_Driver/Src/stm32f4xx_hal.o
                0x0000000020000874                uwTickPrio
 .data.uwTickFreq
                0x0000000020000878        0x1 ./Drivers/STM32F4xx_HAL_Driver/Src/stm32f4xx_hal.o
                0x0000000020000878                uwTickFreq
 *(.RamFunc)
 *(.RamFunc*)
                0x000000002000087c                . = ALIGN (0x4)
 *fill*         0x0000000020000879        0x3 
                0x000000002000087c                _edata = .

.igot.plt       0x000000002000087c        0x0 load address 0x0000000008005880
 .igot.plt      0x000000002000087c        0x0 e:/stmicro/stm32cubeide_1.12.0/stm32cubeide/plugins/com.st.stm32cube.ide.mcu.externaltools.gnu-tools-for-stm32.10.3-2021.10.win32_1.0.200.202301161003/tools/bin/../lib/gcc/arm-none-eabi/10.3.1/thumb/v7e-m+fp/hard/crtbegin.o
                0x000000002000087c                . = ALIGN (0x4)

.bss            0x000000002000087c      0x1e4 load address 0x0000000008005880
                0x000000002000087c                _sbss = .
                0x000000002000087c                __bss_start__ = _sbss
 *(.bss)
 .bss           0x000000002000087c       0x1c e:/stmicro/stm32cubeide_1.12.0/stm32cubeide/plugins/com.st.stm32cube.ide.mcu.externaltools.gnu-tools-for-stm32.10.3-2021.10.win32_1.0.200.202301161003/tools/bin/../lib/gcc/arm-none-eabi/10.3.1/thumb/v7e-m+fp/hard/crtbegin.o
 *(.bss*)
 .bss._err_measure
                0x0000000020000898        0x4 ./Core/Src/main.o
                0x0000000020000898                _err_measure
 .bss._err_estimate
                0x000000002000089c        0x4 ./Core/Src/main.o
                0x000000002000089c                _err_estimate
 .bss._q        0x00000000200008a0        0x4 ./Core/Src/main.o
                0x00000000200008a0                _q
 .bss._current_estimate
                0x00000000200008a4        0x4 ./Core/Src/main.o
                0x00000000200008a4                _current_estimate
 .bss._last_estimate
                0x00000000200008a8        0x4 ./Core/Src/main.o
                0x00000000200008a8                _last_estimate
 .bss._kalman_gain
                0x00000000200008ac        0x4 ./Core/Src/main.o
                0x00000000200008ac                _kalman_gain
 .bss.hadc1     0x00000000200008b0       0x48 ./Core/Src/main.o
                0x00000000200008b0                hadc1
 .bss.hdma_adc1
                0x00000000200008f8       0x60 ./Core/Src/main.o
                0x00000000200008f8                hdma_adc1
 .bss.hi2c1     0x0000000020000958       0x54 ./Core/Src/main.o
                0x0000000020000958                hi2c1
 .bss.htim1     0x00000000200009ac       0x48 ./Core/Src/main.o
                0x00000000200009ac                htim1
 .bss.htim3     0x00000000200009f4       0x48 ./Core/Src/main.o
                0x00000000200009f4                htim3
 .bss.adc_val   0x0000000020000a3c        0x4 ./Core/Src/main.o
                0x0000000020000a3c                adc_val
 .bss.fsine     0x0000000020000a40        0x1 ./Core/Src/main.o
                0x0000000020000a40                fsine
 *fill*         0x0000000020000a41        0x3 
 .bss.modulationC
                0x0000000020000a44        0x4 ./Core/Src/main.o
                0x0000000020000a44                modulationC
 .bss.arr_value
                0x0000000020000a48        0x4 ./Core/Src/main.o
                0x0000000020000a48                arr_value
 .bss.time      0x0000000020000a4c        0x4 ./Core/Src/main.o
                0x0000000020000a4c                time
 .bss.u         0x0000000020000a50        0x4 ./Core/Src/main.o
                0x0000000020000a50                u
 .bss.u_kalman  0x0000000020000a54        0x4 ./Core/Src/main.o
                0x0000000020000a54                u_kalman
 .bss.count     0x0000000020000a58        0x2 ./Core/Src/main.o
 .bss.check     0x0000000020000a5a        0x2 ./Core/Src/main.o
 .bss.uwTick    0x0000000020000a5c        0x4 ./Drivers/STM32F4xx_HAL_Driver/Src/stm32f4xx_hal.o
                0x0000000020000a5c                uwTick
 *(COMMON)
                0x0000000020000a60                . = ALIGN (0x4)
                0x0000000020000a60                _ebss = .
                0x0000000020000a60                __bss_end__ = _ebss

._user_heap_stack
                0x0000000020000a60      0x600 load address 0x0000000008005880
                0x0000000020000a60                . = ALIGN (0x8)
                [!provide]                        PROVIDE (end = .)
                0x0000000020000a60                PROVIDE (_end = .)
                0x0000000020000c60                . = (. + _Min_Heap_Size)
 *fill*         0x0000000020000a60      0x200 
                0x0000000020001060                . = (. + _Min_Stack_Size)
 *fill*         0x0000000020000c60      0x400 
                0x0000000020001060                . = ALIGN (0x8)

/DISCARD/
 libc.a(*)
 libm.a(*)
 libgcc.a(*)

.ARM.attributes
                0x0000000000000000       0x30
 *(.ARM.attributes)
 .ARM.attributes
                0x0000000000000000       0x1e e:/stmicro/stm32cubeide_1.12.0/stm32cubeide/plugins/com.st.stm32cube.ide.mcu.externaltools.gnu-tools-for-stm32.10.3-2021.10.win32_1.0.200.202301161003/tools/bin/../lib/gcc/arm-none-eabi/10.3.1/thumb/v7e-m+fp/hard/crti.o
 .ARM.attributes
                0x000000000000001e       0x34 e:/stmicro/stm32cubeide_1.12.0/stm32cubeide/plugins/com.st.stm32cube.ide.mcu.externaltools.gnu-tools-for-stm32.10.3-2021.10.win32_1.0.200.202301161003/tools/bin/../lib/gcc/arm-none-eabi/10.3.1/thumb/v7e-m+fp/hard/crtbegin.o
 .ARM.attributes
                0x0000000000000052       0x34 ./Core/Src/main.o
 .ARM.attributes
                0x0000000000000086       0x34 ./Core/Src/stm32f4xx_hal_msp.o
 .ARM.attributes
                0x00000000000000ba       0x34 ./Core/Src/stm32f4xx_it.o
 .ARM.attributes
                0x00000000000000ee       0x34 ./Core/Src/system_stm32f4xx.o
 .ARM.attributes
                0x0000000000000122       0x21 ./Core/Startup/startup_stm32f401ccux.o
 .ARM.attributes
                0x0000000000000143       0x34 ./Drivers/STM32F4xx_HAL_Driver/Src/stm32f4xx_hal.o
 .ARM.attributes
                0x0000000000000177       0x34 ./Drivers/STM32F4xx_HAL_Driver/Src/stm32f4xx_hal_adc.o
 .ARM.attributes
                0x00000000000001ab       0x34 ./Drivers/STM32F4xx_HAL_Driver/Src/stm32f4xx_hal_cortex.o
 .ARM.attributes
                0x00000000000001df       0x34 ./Drivers/STM32F4xx_HAL_Driver/Src/stm32f4xx_hal_dma.o
 .ARM.attributes
                0x0000000000000213       0x34 ./Drivers/STM32F4xx_HAL_Driver/Src/stm32f4xx_hal_gpio.o
 .ARM.attributes
                0x0000000000000247       0x34 ./Drivers/STM32F4xx_HAL_Driver/Src/stm32f4xx_hal_i2c.o
 .ARM.attributes
                0x000000000000027b       0x34 ./Drivers/STM32F4xx_HAL_Driver/Src/stm32f4xx_hal_rcc.o
 .ARM.attributes
                0x00000000000002af       0x34 ./Drivers/STM32F4xx_HAL_Driver/Src/stm32f4xx_hal_tim.o
 .ARM.attributes
                0x00000000000002e3       0x34 ./Drivers/STM32F4xx_HAL_Driver/Src/stm32f4xx_hal_tim_ex.o
 .ARM.attributes
                0x0000000000000317       0x34 e:/stmicro/stm32cubeide_1.12.0/stm32cubeide/plugins/com.st.stm32cube.ide.mcu.externaltools.gnu-tools-for-stm32.10.3-2021.10.win32_1.0.200.202301161003/tools/bin/../lib/gcc/arm-none-eabi/10.3.1/../../../../arm-none-eabi/lib/thumb/v7e-m+fp/hard\libc_nano.a(lib_a-init.o)
 .ARM.attributes
                0x000000000000034b       0x34 e:/stmicro/stm32cubeide_1.12.0/stm32cubeide/plugins/com.st.stm32cube.ide.mcu.externaltools.gnu-tools-for-stm32.10.3-2021.10.win32_1.0.200.202301161003/tools/bin/../lib/gcc/arm-none-eabi/10.3.1/../../../../arm-none-eabi/lib/thumb/v7e-m+fp/hard\libc_nano.a(lib_a-memset.o)
 .ARM.attributes
                0x000000000000037f       0x34 e:/stmicro/stm32cubeide_1.12.0/stm32cubeide/plugins/com.st.stm32cube.ide.mcu.externaltools.gnu-tools-for-stm32.10.3-2021.10.win32_1.0.200.202301161003/tools/bin/../lib/gcc/arm-none-eabi/10.3.1/../../../../arm-none-eabi/lib/thumb/v7e-m+fp/hard\libm.a(lib_a-s_round.o)
 .ARM.attributes
                0x00000000000003b3       0x1e e:/stmicro/stm32cubeide_1.12.0/stm32cubeide/plugins/com.st.stm32cube.ide.mcu.externaltools.gnu-tools-for-stm32.10.3-2021.10.win32_1.0.200.202301161003/tools/bin/../lib/gcc/arm-none-eabi/10.3.1/thumb/v7e-m+fp/hard\libgcc.a(_arm_addsubdf3.o)
 .ARM.attributes
                0x00000000000003d1       0x1e e:/stmicro/stm32cubeide_1.12.0/stm32cubeide/plugins/com.st.stm32cube.ide.mcu.externaltools.gnu-tools-for-stm32.10.3-2021.10.win32_1.0.200.202301161003/tools/bin/../lib/gcc/arm-none-eabi/10.3.1/thumb/v7e-m+fp/hard\libgcc.a(_arm_muldivdf3.o)
 .ARM.attributes
                0x00000000000003ef       0x1e e:/stmicro/stm32cubeide_1.12.0/stm32cubeide/plugins/com.st.stm32cube.ide.mcu.externaltools.gnu-tools-for-stm32.10.3-2021.10.win32_1.0.200.202301161003/tools/bin/../lib/gcc/arm-none-eabi/10.3.1/thumb/v7e-m+fp/hard\libgcc.a(_arm_cmpdf2.o)
 .ARM.attributes
                0x000000000000040d       0x1e e:/stmicro/stm32cubeide_1.12.0/stm32cubeide/plugins/com.st.stm32cube.ide.mcu.externaltools.gnu-tools-for-stm32.10.3-2021.10.win32_1.0.200.202301161003/tools/bin/../lib/gcc/arm-none-eabi/10.3.1/thumb/v7e-m+fp/hard\libgcc.a(_arm_fixunsdfsi.o)
 .ARM.attributes
                0x000000000000042b       0x1e e:/stmicro/stm32cubeide_1.12.0/stm32cubeide/plugins/com.st.stm32cube.ide.mcu.externaltools.gnu-tools-for-stm32.10.3-2021.10.win32_1.0.200.202301161003/tools/bin/../lib/gcc/arm-none-eabi/10.3.1/thumb/v7e-m+fp/hard\libgcc.a(_arm_truncdfsf2.o)
 .ARM.attributes
                0x0000000000000449       0x1e e:/stmicro/stm32cubeide_1.12.0/stm32cubeide/plugins/com.st.stm32cube.ide.mcu.externaltools.gnu-tools-for-stm32.10.3-2021.10.win32_1.0.200.202301161003/tools/bin/../lib/gcc/arm-none-eabi/10.3.1/thumb/v7e-m+fp/hard\libgcc.a(_aeabi_uldivmod.o)
 .ARM.attributes
                0x0000000000000467       0x34 e:/stmicro/stm32cubeide_1.12.0/stm32cubeide/plugins/com.st.stm32cube.ide.mcu.externaltools.gnu-tools-for-stm32.10.3-2021.10.win32_1.0.200.202301161003/tools/bin/../lib/gcc/arm-none-eabi/10.3.1/thumb/v7e-m+fp/hard\libgcc.a(_udivmoddi4.o)
 .ARM.attributes
                0x000000000000049b       0x1e e:/stmicro/stm32cubeide_1.12.0/stm32cubeide/plugins/com.st.stm32cube.ide.mcu.externaltools.gnu-tools-for-stm32.10.3-2021.10.win32_1.0.200.202301161003/tools/bin/../lib/gcc/arm-none-eabi/10.3.1/thumb/v7e-m+fp/hard\libgcc.a(_dvmd_tls.o)
 .ARM.attributes
                0x00000000000004b9       0x1e e:/stmicro/stm32cubeide_1.12.0/stm32cubeide/plugins/com.st.stm32cube.ide.mcu.externaltools.gnu-tools-for-stm32.10.3-2021.10.win32_1.0.200.202301161003/tools/bin/../lib/gcc/arm-none-eabi/10.3.1/thumb/v7e-m+fp/hard/crtn.o
OUTPUT(SPWM_With_Kalman.elf elf32-littlearm)
LOAD linker stubs
LOAD e:/stmicro/stm32cubeide_1.12.0/stm32cubeide/plugins/com.st.stm32cube.ide.mcu.externaltools.gnu-tools-for-stm32.10.3-2021.10.win32_1.0.200.202301161003/tools/bin/../lib/gcc/arm-none-eabi/10.3.1/../../../../arm-none-eabi/lib/thumb/v7e-m+fp/hard\libc.a
LOAD e:/stmicro/stm32cubeide_1.12.0/stm32cubeide/plugins/com.st.stm32cube.ide.mcu.externaltools.gnu-tools-for-stm32.10.3-2021.10.win32_1.0.200.202301161003/tools/bin/../lib/gcc/arm-none-eabi/10.3.1/../../../../arm-none-eabi/lib/thumb/v7e-m+fp/hard\libm.a
LOAD e:/stmicro/stm32cubeide_1.12.0/stm32cubeide/plugins/com.st.stm32cube.ide.mcu.externaltools.gnu-tools-for-stm32.10.3-2021.10.win32_1.0.200.202301161003/tools/bin/../lib/gcc/arm-none-eabi/10.3.1/thumb/v7e-m+fp/hard\libgcc.a

.debug_info     0x0000000000000000     0xe207
 .debug_info    0x0000000000000000     0x1baa ./Core/Src/main.o
 .debug_info    0x0000000000001baa     0x139c ./Core/Src/stm32f4xx_hal_msp.o
 .debug_info    0x0000000000002f46      0x75f ./Core/Src/stm32f4xx_it.o
 .debug_info    0x00000000000036a5      0x54f ./Core/Src/system_stm32f4xx.o
 .debug_info    0x0000000000003bf4       0x22 ./Core/Startup/startup_stm32f401ccux.o
 .debug_info    0x0000000000003c16      0x906 ./Drivers/STM32F4xx_HAL_Driver/Src/stm32f4xx_hal.o
 .debug_info    0x000000000000451c      0xd68 ./Drivers/STM32F4xx_HAL_Driver/Src/stm32f4xx_hal_adc.o
 .debug_info    0x0000000000005284      0xd85 ./Drivers/STM32F4xx_HAL_Driver/Src/stm32f4xx_hal_cortex.o
 .debug_info    0x0000000000006009      0x947 ./Drivers/STM32F4xx_HAL_Driver/Src/stm32f4xx_hal_dma.o
 .debug_info    0x0000000000006950      0x78e ./Drivers/STM32F4xx_HAL_Driver/Src/stm32f4xx_hal_gpio.o
 .debug_info    0x00000000000070de     0x260f ./Drivers/STM32F4xx_HAL_Driver/Src/stm32f4xx_hal_i2c.o
 .debug_info    0x00000000000096ed      0x98c ./Drivers/STM32F4xx_HAL_Driver/Src/stm32f4xx_hal_rcc.o
 .debug_info    0x000000000000a079     0x2bb6 ./Drivers/STM32F4xx_HAL_Driver/Src/stm32f4xx_hal_tim.o
 .debug_info    0x000000000000cc2f     0x15d8 ./Drivers/STM32F4xx_HAL_Driver/Src/stm32f4xx_hal_tim_ex.o

.debug_abbrev   0x0000000000000000     0x1da3
 .debug_abbrev  0x0000000000000000      0x339 ./Core/Src/main.o
 .debug_abbrev  0x0000000000000339      0x240 ./Core/Src/stm32f4xx_hal_msp.o
 .debug_abbrev  0x0000000000000579      0x195 ./Core/Src/stm32f4xx_it.o
 .debug_abbrev  0x000000000000070e      0x116 ./Core/Src/system_stm32f4xx.o
 .debug_abbrev  0x0000000000000824       0x12 ./Core/Startup/startup_stm32f401ccux.o
 .debug_abbrev  0x0000000000000836      0x23e ./Drivers/STM32F4xx_HAL_Driver/Src/stm32f4xx_hal.o
 .debug_abbrev  0x0000000000000a74      0x204 ./Drivers/STM32F4xx_HAL_Driver/Src/stm32f4xx_hal_adc.o
 .debug_abbrev  0x0000000000000c78      0x316 ./Drivers/STM32F4xx_HAL_Driver/Src/stm32f4xx_hal_cortex.o
 .debug_abbrev  0x0000000000000f8e      0x21b ./Drivers/STM32F4xx_HAL_Driver/Src/stm32f4xx_hal_dma.o
 .debug_abbrev  0x00000000000011a9      0x1c4 ./Drivers/STM32F4xx_HAL_Driver/Src/stm32f4xx_hal_gpio.o
 .debug_abbrev  0x000000000000136d      0x2a8 ./Drivers/STM32F4xx_HAL_Driver/Src/stm32f4xx_hal_i2c.o
 .debug_abbrev  0x0000000000001615      0x2aa ./Drivers/STM32F4xx_HAL_Driver/Src/stm32f4xx_hal_rcc.o
 .debug_abbrev  0x00000000000018bf      0x26e ./Drivers/STM32F4xx_HAL_Driver/Src/stm32f4xx_hal_tim.o
 .debug_abbrev  0x0000000000001b2d      0x276 ./Drivers/STM32F4xx_HAL_Driver/Src/stm32f4xx_hal_tim_ex.o

.debug_aranges  0x0000000000000000      0xdf0
 .debug_aranges
                0x0000000000000000       0xa0 ./Core/Src/main.o
 .debug_aranges
                0x00000000000000a0       0x58 ./Core/Src/stm32f4xx_hal_msp.o
 .debug_aranges
                0x00000000000000f8       0x70 ./Core/Src/stm32f4xx_it.o
 .debug_aranges
                0x0000000000000168       0x28 ./Core/Src/system_stm32f4xx.o
 .debug_aranges
                0x0000000000000190       0x28 ./Core/Startup/startup_stm32f401ccux.o
 .debug_aranges
                0x00000000000001b8       0xf0 ./Drivers/STM32F4xx_HAL_Driver/Src/stm32f4xx_hal.o
 .debug_aranges
                0x00000000000002a8       0xe8 ./Drivers/STM32F4xx_HAL_Driver/Src/stm32f4xx_hal_adc.o
 .debug_aranges
                0x0000000000000390      0x118 ./Drivers/STM32F4xx_HAL_Driver/Src/stm32f4xx_hal_cortex.o
 .debug_aranges
                0x00000000000004a8       0x90 ./Drivers/STM32F4xx_HAL_Driver/Src/stm32f4xx_hal_dma.o
 .debug_aranges
                0x0000000000000538       0x58 ./Drivers/STM32F4xx_HAL_Driver/Src/stm32f4xx_hal_gpio.o
 .debug_aranges
                0x0000000000000590      0x2a0 ./Drivers/STM32F4xx_HAL_Driver/Src/stm32f4xx_hal_i2c.o
 .debug_aranges
                0x0000000000000830       0x88 ./Drivers/STM32F4xx_HAL_Driver/Src/stm32f4xx_hal_rcc.o
 .debug_aranges
                0x00000000000008b8      0x3d0 ./Drivers/STM32F4xx_HAL_Driver/Src/stm32f4xx_hal_tim.o
 .debug_aranges
                0x0000000000000c88      0x168 ./Drivers/STM32F4xx_HAL_Driver/Src/stm32f4xx_hal_tim_ex.o

.debug_ranges   0x0000000000000000      0xd30
 .debug_ranges  0x0000000000000000       0x90 ./Core/Src/main.o
 .debug_ranges  0x0000000000000090       0x48 ./Core/Src/stm32f4xx_hal_msp.o
 .debug_ranges  0x00000000000000d8       0x60 ./Core/Src/stm32f4xx_it.o
 .debug_ranges  0x0000000000000138       0x18 ./Core/Src/system_stm32f4xx.o
 .debug_ranges  0x0000000000000150       0x20 ./Core/Startup/startup_stm32f401ccux.o
 .debug_ranges  0x0000000000000170       0xe0 ./Drivers/STM32F4xx_HAL_Driver/Src/stm32f4xx_hal.o
 .debug_ranges  0x0000000000000250       0xd8 ./Drivers/STM32F4xx_HAL_Driver/Src/stm32f4xx_hal_adc.o
 .debug_ranges  0x0000000000000328      0x108 ./Drivers/STM32F4xx_HAL_Driver/Src/stm32f4xx_hal_cortex.o
 .debug_ranges  0x0000000000000430       0x80 ./Drivers/STM32F4xx_HAL_Driver/Src/stm32f4xx_hal_dma.o
 .debug_ranges  0x00000000000004b0       0x48 ./Drivers/STM32F4xx_HAL_Driver/Src/stm32f4xx_hal_gpio.o
 .debug_ranges  0x00000000000004f8      0x2a8 ./Drivers/STM32F4xx_HAL_Driver/Src/stm32f4xx_hal_i2c.o
 .debug_ranges  0x00000000000007a0       0x78 ./Drivers/STM32F4xx_HAL_Driver/Src/stm32f4xx_hal_rcc.o
 .debug_ranges  0x0000000000000818      0x3c0 ./Drivers/STM32F4xx_HAL_Driver/Src/stm32f4xx_hal_tim.o
 .debug_ranges  0x0000000000000bd8      0x158 ./Drivers/STM32F4xx_HAL_Driver/Src/stm32f4xx_hal_tim_ex.o

.debug_macro    0x0000000000000000    0x178cf
 .debug_macro   0x0000000000000000      0x3ce ./Core/Src/main.o
 .debug_macro   0x00000000000003ce      0xa78 ./Core/Src/main.o
 .debug_macro   0x0000000000000e46      0x2a1 ./Core/Src/main.o
 .debug_macro   0x00000000000010e7       0x2e ./Core/Src/main.o
 .debug_macro   0x0000000000001115       0x28 ./Core/Src/main.o
 .debug_macro   0x000000000000113d       0x22 ./Core/Src/main.o
 .debug_macro   0x000000000000115f       0x8e ./Core/Src/main.o
 .debug_macro   0x00000000000011ed       0x51 ./Core/Src/main.o
 .debug_macro   0x000000000000123e      0x103 ./Core/Src/main.o
 .debug_macro   0x0000000000001341       0x6a ./Core/Src/main.o
 .debug_macro   0x00000000000013ab      0x1df ./Core/Src/main.o
 .debug_macro   0x000000000000158a       0x1c ./Core/Src/main.o
 .debug_macro   0x00000000000015a6       0x22 ./Core/Src/main.o
 .debug_macro   0x00000000000015c8       0xd9 ./Core/Src/main.o
 .debug_macro   0x00000000000016a1     0x102d ./Core/Src/main.o
 .debug_macro   0x00000000000026ce      0x11f ./Core/Src/main.o
 .debug_macro   0x00000000000027ed     0xb86c ./Core/Src/main.o
 .debug_macro   0x000000000000e059       0x6d ./Core/Src/main.o
 .debug_macro   0x000000000000e0c6     0x367e ./Core/Src/main.o
 .debug_macro   0x0000000000011744      0x174 ./Core/Src/main.o
 .debug_macro   0x00000000000118b8       0x5c ./Core/Src/main.o
 .debug_macro   0x0000000000011914      0x416 ./Core/Src/main.o
 .debug_macro   0x0000000000011d2a      0x9fe ./Core/Src/main.o
 .debug_macro   0x0000000000012728      0x115 ./Core/Src/main.o
 .debug_macro   0x000000000001283d       0xf8 ./Core/Src/main.o
 .debug_macro   0x0000000000012935       0xa5 ./Core/Src/main.o
 .debug_macro   0x00000000000129da      0x15f ./Core/Src/main.o
 .debug_macro   0x0000000000012b39      0x287 ./Core/Src/main.o
 .debug_macro   0x0000000000012dc0       0x5f ./Core/Src/main.o
 .debug_macro   0x0000000000012e1f      0x236 ./Core/Src/main.o
 .debug_macro   0x0000000000013055      0x9e1 ./Core/Src/main.o
 .debug_macro   0x0000000000013a36      0x38b ./Core/Src/main.o
 .debug_macro   0x0000000000013dc1      0x176 ./Core/Src/main.o
 .debug_macro   0x0000000000013f37       0xf9 ./Core/Src/main.o
 .debug_macro   0x0000000000014030      0x132 ./Core/Src/main.o
 .debug_macro   0x0000000000014162      0x23a ./Core/Src/main.o
 .debug_macro   0x000000000001439c       0x2e ./Core/Src/main.o
 .debug_macro   0x00000000000143ca      0x1b5 ./Core/Src/main.o
 .debug_macro   0x000000000001457f       0x22 ./Core/Src/main.o
 .debug_macro   0x00000000000145a1       0xd6 ./Core/Src/main.o
 .debug_macro   0x0000000000014677      0x11a ./Core/Src/main.o
 .debug_macro   0x0000000000014791       0x85 ./Core/Src/main.o
 .debug_macro   0x0000000000014816       0x89 ./Core/Src/main.o
 .debug_macro   0x000000000001489f      0x8e6 ./Core/Src/main.o
 .debug_macro   0x0000000000015185       0x47 ./Core/Src/main.o
 .debug_macro   0x00000000000151cc      0x126 ./Core/Src/main.o
 .debug_macro   0x00000000000152f2       0x1c ./Core/Src/main.o
 .debug_macro   0x000000000001530e       0x52 ./Core/Src/main.o
 .debug_macro   0x0000000000015360       0x1e ./Core/Src/main.o
 .debug_macro   0x000000000001537e       0x3c ./Core/Src/main.o
 .debug_macro   0x00000000000153ba       0x34 ./Core/Src/main.o
 .debug_macro   0x00000000000153ee       0x16 ./Core/Src/main.o
 .debug_macro   0x0000000000015404       0x43 ./Core/Src/main.o
 .debug_macro   0x0000000000015447       0x34 ./Core/Src/main.o
 .debug_macro   0x000000000001547b       0x10 ./Core/Src/main.o
 .debug_macro   0x000000000001548b       0x58 ./Core/Src/main.o
 .debug_macro   0x00000000000154e3       0x71 ./Core/Src/main.o
 .debug_macro   0x0000000000015554       0x1c ./Core/Src/main.o
 .debug_macro   0x0000000000015570      0x12a ./Core/Src/main.o
 .debug_macro   0x000000000001569a      0x341 ./Core/Src/main.o
 .debug_macro   0x00000000000159db       0x10 ./Core/Src/main.o
 .debug_macro   0x00000000000159eb       0x35 ./Core/Src/main.o
 .debug_macro   0x0000000000015a20       0x20 ./Core/Src/main.o
 .debug_macro   0x0000000000015a40       0x1c ./Core/Src/main.o
 .debug_macro   0x0000000000015a5c       0x10 ./Core/Src/main.o
 .debug_macro   0x0000000000015a6c       0x10 ./Core/Src/main.o
 .debug_macro   0x0000000000015a7c       0x1c ./Core/Src/main.o
 .debug_macro   0x0000000000015a98       0x52 ./Core/Src/main.o
 .debug_macro   0x0000000000015aea       0x22 ./Core/Src/main.o
 .debug_macro   0x0000000000015b0c       0x10 ./Core/Src/main.o
 .debug_macro   0x0000000000015b1c       0x52 ./Core/Src/main.o
 .debug_macro   0x0000000000015b6e       0xd5 ./Core/Src/main.o
 .debug_macro   0x0000000000015c43       0x1c ./Core/Src/main.o
 .debug_macro   0x0000000000015c5f       0x3d ./Core/Src/main.o
 .debug_macro   0x0000000000015c9c       0x16 ./Core/Src/main.o
 .debug_macro   0x0000000000015cb2      0x145 ./Core/Src/main.o
 .debug_macro   0x0000000000015df7      0x19b ./Core/Src/main.o
 .debug_macro   0x0000000000015f92      0x214 ./Core/Src/stm32f4xx_hal_msp.o
 .debug_macro   0x00000000000161a6      0x21e ./Core/Src/stm32f4xx_it.o
 .debug_macro   0x00000000000163c4      0x205 ./Core/Src/system_stm32f4xx.o
 .debug_macro   0x00000000000165c9      0x265 ./Drivers/STM32F4xx_HAL_Driver/Src/stm32f4xx_hal.o
 .debug_macro   0x000000000001682e      0x206 ./Drivers/STM32F4xx_HAL_Driver/Src/stm32f4xx_hal_adc.o
 .debug_macro   0x0000000000016a34      0x205 ./Drivers/STM32F4xx_HAL_Driver/Src/stm32f4xx_hal_cortex.o
 .debug_macro   0x0000000000016c39      0x20b ./Drivers/STM32F4xx_HAL_Driver/Src/stm32f4xx_hal_dma.o
 .debug_macro   0x0000000000016e44      0x20b ./Drivers/STM32F4xx_HAL_Driver/Src/stm32f4xx_hal_gpio.o
 .debug_macro   0x000000000001704f      0x24c ./Drivers/STM32F4xx_HAL_Driver/Src/stm32f4xx_hal_i2c.o
 .debug_macro   0x000000000001729b      0x229 ./Drivers/STM32F4xx_HAL_Driver/Src/stm32f4xx_hal_rcc.o
 .debug_macro   0x00000000000174c4      0x206 ./Drivers/STM32F4xx_HAL_Driver/Src/stm32f4xx_hal_tim.o
 .debug_macro   0x00000000000176ca      0x205 ./Drivers/STM32F4xx_HAL_Driver/Src/stm32f4xx_hal_tim_ex.o

.debug_line     0x0000000000000000    0x1005c
 .debug_line    0x0000000000000000      0xdbf ./Core/Src/main.o
 .debug_line    0x0000000000000dbf      0x891 ./Core/Src/stm32f4xx_hal_msp.o
 .debug_line    0x0000000000001650      0x82a ./Core/Src/stm32f4xx_it.o
 .debug_line    0x0000000000001e7a      0x7b9 ./Core/Src/system_stm32f4xx.o
 .debug_line    0x0000000000002633       0x88 ./Core/Startup/startup_stm32f401ccux.o
 .debug_line    0x00000000000026bb      0xa1f ./Drivers/STM32F4xx_HAL_Driver/Src/stm32f4xx_hal.o
 .debug_line    0x00000000000030da     0x11c9 ./Drivers/STM32F4xx_HAL_Driver/Src/stm32f4xx_hal_adc.o
 .debug_line    0x00000000000042a3      0xcce ./Drivers/STM32F4xx_HAL_Driver/Src/stm32f4xx_hal_cortex.o
 .debug_line    0x0000000000004f71      0xf83 ./Drivers/STM32F4xx_HAL_Driver/Src/stm32f4xx_hal_dma.o
 .debug_line    0x0000000000005ef4      0xb57 ./Drivers/STM32F4xx_HAL_Driver/Src/stm32f4xx_hal_gpio.o
 .debug_line    0x0000000000006a4b     0x39d4 ./Drivers/STM32F4xx_HAL_Driver/Src/stm32f4xx_hal_i2c.o
 .debug_line    0x000000000000a41f      0xd99 ./Drivers/STM32F4xx_HAL_Driver/Src/stm32f4xx_hal_rcc.o
 .debug_line    0x000000000000b1b8     0x34ed ./Drivers/STM32F4xx_HAL_Driver/Src/stm32f4xx_hal_tim.o
 .debug_line    0x000000000000e6a5     0x19b7 ./Drivers/STM32F4xx_HAL_Driver/Src/stm32f4xx_hal_tim_ex.o

.debug_str      0x0000000000000000    0x998cc
 .debug_str     0x0000000000000000    0x9684e ./Core/Src/main.o
                                      0x96c0b (size before relaxing)
 .debug_str     0x000000000009684e       0xf0 ./Core/Src/stm32f4xx_hal_msp.o
                                      0x92084 (size before relaxing)
 .debug_str     0x000000000009693e      0x117 ./Core/Src/stm32f4xx_it.o
                                      0x916d9 (size before relaxing)
 .debug_str     0x0000000000096a55       0xdb ./Core/Src/system_stm32f4xx.o
                                      0x9122c (size before relaxing)
 .debug_str     0x0000000000096b30       0x4c ./Core/Startup/startup_stm32f401ccux.o
 .debug_str     0x0000000000096b7c      0x617 ./Drivers/STM32F4xx_HAL_Driver/Src/stm32f4xx_hal.o
                                      0x91c4e (size before relaxing)
 .debug_str     0x0000000000097193      0x2b9 ./Drivers/STM32F4xx_HAL_Driver/Src/stm32f4xx_hal_adc.o
                                      0x91807 (size before relaxing)
 .debug_str     0x000000000009744c      0x326 ./Drivers/STM32F4xx_HAL_Driver/Src/stm32f4xx_hal_cortex.o
                                      0x9196f (size before relaxing)
 .debug_str     0x0000000000097772      0x2cf ./Drivers/STM32F4xx_HAL_Driver/Src/stm32f4xx_hal_dma.o
                                      0x91634 (size before relaxing)
 .debug_str     0x0000000000097a41      0x10e ./Drivers/STM32F4xx_HAL_Driver/Src/stm32f4xx_hal_gpio.o
                                      0x913a7 (size before relaxing)
 .debug_str     0x0000000000097b4f      0xab6 ./Drivers/STM32F4xx_HAL_Driver/Src/stm32f4xx_hal_i2c.o
                                      0x921ea (size before relaxing)
 .debug_str     0x0000000000098605      0x213 ./Drivers/STM32F4xx_HAL_Driver/Src/stm32f4xx_hal_rcc.o
                                      0x91660 (size before relaxing)
 .debug_str     0x0000000000098818      0xce8 ./Drivers/STM32F4xx_HAL_Driver/Src/stm32f4xx_hal_tim.o
                                      0x92594 (size before relaxing)
 .debug_str     0x0000000000099500      0x3cc ./Drivers/STM32F4xx_HAL_Driver/Src/stm32f4xx_hal_tim_ex.o
                                      0x91db0 (size before relaxing)

.comment        0x0000000000000000       0x50
 .comment       0x0000000000000000       0x50 ./Core/Src/main.o
                                         0x51 (size before relaxing)
 .comment       0x0000000000000050       0x51 ./Core/Src/stm32f4xx_hal_msp.o
 .comment       0x0000000000000050       0x51 ./Core/Src/stm32f4xx_it.o
 .comment       0x0000000000000050       0x51 ./Core/Src/system_stm32f4xx.o
 .comment       0x0000000000000050       0x51 ./Drivers/STM32F4xx_HAL_Driver/Src/stm32f4xx_hal.o
 .comment       0x0000000000000050       0x51 ./Drivers/STM32F4xx_HAL_Driver/Src/stm32f4xx_hal_adc.o
 .comment       0x0000000000000050       0x51 ./Drivers/STM32F4xx_HAL_Driver/Src/stm32f4xx_hal_cortex.o
 .comment       0x0000000000000050       0x51 ./Drivers/STM32F4xx_HAL_Driver/Src/stm32f4xx_hal_dma.o
 .comment       0x0000000000000050       0x51 ./Drivers/STM32F4xx_HAL_Driver/Src/stm32f4xx_hal_gpio.o
 .comment       0x0000000000000050       0x51 ./Drivers/STM32F4xx_HAL_Driver/Src/stm32f4xx_hal_i2c.o
 .comment       0x0000000000000050       0x51 ./Drivers/STM32F4xx_HAL_Driver/Src/stm32f4xx_hal_rcc.o
 .comment       0x0000000000000050       0x51 ./Drivers/STM32F4xx_HAL_Driver/Src/stm32f4xx_hal_tim.o
 .comment       0x0000000000000050       0x51 ./Drivers/STM32F4xx_HAL_Driver/Src/stm32f4xx_hal_tim_ex.o

.debug_frame    0x0000000000000000     0x3e00
 .debug_frame   0x0000000000000000      0x270 ./Core/Src/main.o
 .debug_frame   0x0000000000000270      0x134 ./Core/Src/stm32f4xx_hal_msp.o
 .debug_frame   0x00000000000003a4      0x13c ./Core/Src/stm32f4xx_it.o
 .debug_frame   0x00000000000004e0       0x58 ./Core/Src/system_stm32f4xx.o
 .debug_frame   0x0000000000000538      0x374 ./Drivers/STM32F4xx_HAL_Driver/Src/stm32f4xx_hal.o
 .debug_frame   0x00000000000008ac      0x3fc ./Drivers/STM32F4xx_HAL_Driver/Src/stm32f4xx_hal_adc.o
 .debug_frame   0x0000000000000ca8      0x498 ./Drivers/STM32F4xx_HAL_Driver/Src/stm32f4xx_hal_cortex.o
 .debug_frame   0x0000000000001140      0x250 ./Drivers/STM32F4xx_HAL_Driver/Src/stm32f4xx_hal_dma.o
 .debug_frame   0x0000000000001390      0x14c ./Drivers/STM32F4xx_HAL_Driver/Src/stm32f4xx_hal_gpio.o
 .debug_frame   0x00000000000014dc      0xc5c ./Drivers/STM32F4xx_HAL_Driver/Src/stm32f4xx_hal_i2c.o
 .debug_frame   0x0000000000002138      0x1f4 ./Drivers/STM32F4xx_HAL_Driver/Src/stm32f4xx_hal_rcc.o
 .debug_frame   0x000000000000232c     0x11bc ./Drivers/STM32F4xx_HAL_Driver/Src/stm32f4xx_hal_tim.o
 .debug_frame   0x00000000000034e8      0x638 ./Drivers/STM32F4xx_HAL_Driver/Src/stm32f4xx_hal_tim_ex.o
 .debug_frame   0x0000000000003b20       0x2c e:/stmicro/stm32cubeide_1.12.0/stm32cubeide/plugins/com.st.stm32cube.ide.mcu.externaltools.gnu-tools-for-stm32.10.3-2021.10.win32_1.0.200.202301161003/tools/bin/../lib/gcc/arm-none-eabi/10.3.1/../../../../arm-none-eabi/lib/thumb/v7e-m+fp/hard\libc_nano.a(lib_a-init.o)
 .debug_frame   0x0000000000003b4c       0x20 e:/stmicro/stm32cubeide_1.12.0/stm32cubeide/plugins/com.st.stm32cube.ide.mcu.externaltools.gnu-tools-for-stm32.10.3-2021.10.win32_1.0.200.202301161003/tools/bin/../lib/gcc/arm-none-eabi/10.3.1/../../../../arm-none-eabi/lib/thumb/v7e-m+fp/hard\libc_nano.a(lib_a-memset.o)
 .debug_frame   0x0000000000003b6c       0x2c e:/stmicro/stm32cubeide_1.12.0/stm32cubeide/plugins/com.st.stm32cube.ide.mcu.externaltools.gnu-tools-for-stm32.10.3-2021.10.win32_1.0.200.202301161003/tools/bin/../lib/gcc/arm-none-eabi/10.3.1/../../../../arm-none-eabi/lib/thumb/v7e-m+fp/hard\libm.a(lib_a-s_round.o)
 .debug_frame   0x0000000000003b98       0xac e:/stmicro/stm32cubeide_1.12.0/stm32cubeide/plugins/com.st.stm32cube.ide.mcu.externaltools.gnu-tools-for-stm32.10.3-2021.10.win32_1.0.200.202301161003/tools/bin/../lib/gcc/arm-none-eabi/10.3.1/thumb/v7e-m+fp/hard\libgcc.a(_arm_addsubdf3.o)
 .debug_frame   0x0000000000003c44       0x50 e:/stmicro/stm32cubeide_1.12.0/stm32cubeide/plugins/com.st.stm32cube.ide.mcu.externaltools.gnu-tools-for-stm32.10.3-2021.10.win32_1.0.200.202301161003/tools/bin/../lib/gcc/arm-none-eabi/10.3.1/thumb/v7e-m+fp/hard\libgcc.a(_arm_muldivdf3.o)
 .debug_frame   0x0000000000003c94       0xc4 e:/stmicro/stm32cubeide_1.12.0/stm32cubeide/plugins/com.st.stm32cube.ide.mcu.externaltools.gnu-tools-for-stm32.10.3-2021.10.win32_1.0.200.202301161003/tools/bin/../lib/gcc/arm-none-eabi/10.3.1/thumb/v7e-m+fp/hard\libgcc.a(_arm_cmpdf2.o)
 .debug_frame   0x0000000000003d58       0x24 e:/stmicro/stm32cubeide_1.12.0/stm32cubeide/plugins/com.st.stm32cube.ide.mcu.externaltools.gnu-tools-for-stm32.10.3-2021.10.win32_1.0.200.202301161003/tools/bin/../lib/gcc/arm-none-eabi/10.3.1/thumb/v7e-m+fp/hard\libgcc.a(_arm_fixunsdfsi.o)
 .debug_frame   0x0000000000003d7c       0x24 e:/stmicro/stm32cubeide_1.12.0/stm32cubeide/plugins/com.st.stm32cube.ide.mcu.externaltools.gnu-tools-for-stm32.10.3-2021.10.win32_1.0.200.202301161003/tools/bin/../lib/gcc/arm-none-eabi/10.3.1/thumb/v7e-m+fp/hard\libgcc.a(_arm_truncdfsf2.o)
 .debug_frame   0x0000000000003da0       0x2c e:/stmicro/stm32cubeide_1.12.0/stm32cubeide/plugins/com.st.stm32cube.ide.mcu.externaltools.gnu-tools-for-stm32.10.3-2021.10.win32_1.0.200.202301161003/tools/bin/../lib/gcc/arm-none-eabi/10.3.1/thumb/v7e-m+fp/hard\libgcc.a(_aeabi_uldivmod.o)
 .debug_frame   0x0000000000003dcc       0x34 e:/stmicro/stm32cubeide_1.12.0/stm32cubeide/plugins/com.st.stm32cube.ide.mcu.externaltools.gnu-tools-for-stm32.10.3-2021.10.win32_1.0.200.202301161003/tools/bin/../lib/gcc/arm-none-eabi/10.3.1/thumb/v7e-m+fp/hard\libgcc.a(_udivmoddi4.o)
