../Core/Inc/kalman.h:37:6:SimpleKalmanFilter	24	static
../Core/Inc/kalman.h:44:7:updateEstimate	32	static
../Core/Inc/kalman.h:54:6:setMeasurementError	16	static
../Core/Inc/kalman.h:59:6:setEstimateError	16	static
../Core/Inc/kalman.h:64:6:setProcessNoise	16	static
../Core/Inc/kalman.h:69:7:getKalmanGain	4	static
../Core/Inc/kalman.h:73:7:getEstimateError	4	static
../Core/Src/main.c:80:6:HAL_TIM_PeriodElapsedCallback	24	static
../Core/Src/main.c:107:5:main	8	static
../Core/Src/main.c:196:6:SystemClock_Config	88	static
../Core/Src/main.c:242:13:MX_ADC1_Init	24	static
../Core/Src/main.c:294:13:MX_I2C1_Init	8	static
../Core/Src/main.c:328:13:MX_TIM1_Init	96	static
../Core/Src/main.c:411:13:MX_TIM3_Init	32	static
../Core/Src/main.c:456:13:MX_TIM5_Init	48	static
../Core/Src/main.c:512:13:MX_DMA_Init	16	static
../Core/Src/main.c:530:13:MX_GPIO_Init	48	static
../Core/Src/main.c:570:6:Error_Handler	4	static,ignoring_inline_asm
